
> cvbedu-app@0.1.0 dev
> next dev --hostname 0.0.0.0 --port 3000

▲ Next.js 16.2.7 (Turbopack)
- Local:         http://localhost:3000
- Network:       http://0.0.0.0:3000
- Environments: .env
✓ Ready in 743ms

⚠ Blocked cross-origin request to Next.js dev resource /_next/webpack-hmr from "127.0.0.1".
Cross-origin access to Next.js dev resources is blocked by default for safety.

To allow this host in development, add it to "allowedDevOrigins" in next.config.js and restart the dev server:

// next.config.js
module.exports = {
  allowedDevOrigins: ['127.0.0.1'],
}

Read more: https://nextjs.org/docs/app/api-reference/config/next-config-js/allowedDevOrigins
 GET / 200 in 1065ms (next.js: 416ms, application-code: 649ms)
 GET / 200 in 122ms (next.js: 6ms, application-code: 116ms)
 GET / 200 in 373ms (next.js: 9ms, application-code: 365ms)
 GET / 200 in 258ms (next.js: 6ms, application-code: 252ms)
⚠ Found a change in next.config.ts. Restarting the server to apply the changes...
▲ Next.js 16.2.7 (Turbopack)
- Local:         http://localhost:3000
- Network:       http://0.0.0.0:3000
- Environments: .env
✓ Ready in 717ms

 GET / 200 in 987ms (next.js: 362ms, application-code: 625ms)
 GET / 200 in 227ms (next.js: 12ms, application-code: 215ms)
[browser] Image with src "/zalo-qr.jpg" has either width or height modified, but not the other. If you use CSS to change the size of your image, also include the styles 'width: "auto"' or 'height: "auto"' to maintain the aspect ratio. (file://D:/Wordpress for CVBEDU/.next/dev/static/chunks/node_modules_next_dist_1ybzpk2._.js:2477:13)
 GET / 200 in 155ms (next.js: 13ms, application-code: 142ms)
[browser] Image with src "/zalo-qr.jpg" has either width or height modified, but not the other. If you use CSS to change the size of your image, also include the styles 'width: "auto"' or 'height: "auto"' to maintain the aspect ratio. (file://D:/Wordpress for CVBEDU/.next/dev/static/chunks/node_modules_next_dist_1ybzpk2._.js:2477:13)
 GET / 200 in 158ms (next.js: 7ms, application-code: 150ms)
 GET / 200 in 148ms (next.js: 3ms, application-code: 145ms)
[browser] Image with src "/zalo-qr.jpg" has either width or height modified, but not the other. If you use CSS to change the size of your image, also include the styles 'width: "auto"' or 'height: "auto"' to maintain the aspect ratio. (file://D:/Wordpress for CVBEDU/.next/dev/static/chunks/node_modules_next_dist_1ybzpk2._.js:2477:13)
 GET / 200 in 153ms (next.js: 8ms, application-code: 145ms)
[browser] A tree hydrated but some attributes of the server rendered HTML didn't match the client properties. This won't be patched up. This can happen if a SSR-ed Client Component used:

- A server/client branch `if (typeof window !== 'undefined')`.
- Variable input such as `Date.now()` or `Math.random()` which changes each time it's called.
- Date formatting in a user's locale which doesn't match the server.
- External changing data without sending a snapshot of it along with the HTML.
- Invalid HTML tag nesting.

It can also happen if the client has a browser extension installed which messes with the HTML before React loaded.

https://react.dev/link/hydration-mismatch

  ...
    <SegmentViewNode type="page" pagePath="page.tsx">
      <SegmentTrieNode>
      <Home>
        <script>
        <Header>
        <HomeLandingPage>
          <main className="bg-white t...">
            <HeroSection>
            <PainPointSection>
            <SolutionSection>
            <TimelineSection>
            <ProgramsSection>
            <JobFieldsSection>
            <TrainingSection>
            <RecognitionSection>
            <CommitmentSection>
            <TestimonialsSection>
            <FaqSection>
            <ContactSection>
              <section id="lien-he" className="bg-neutral-50">
                <div className="mx-auto gr...">
                  <div>
                  <Card>
                    <div className="rounded-lg...">
                      <CardContent>
                        <div className="p-5">
                          <LeadForm>
                            <form onFocus={function markStarted} onSubmit={function} className="grid gap-4">
                              <div className="grid gap-4...">
                                <Field label="Họ và tên" error={undefined}>
                                  <div className="grid gap-2">
                                    <Label>
                                    <_c placeholder="Nguyễn Văn A" name="fullName" onChange={function onChange} ...>
                                      <input
                                        ref={function ref}
                                        className="h-11 w-full rounded-md border border-neutral-300 bg-white px-3 text..."
                                        placeholder="Nguyễn Văn A"
                                        name="fullName"
                                        onChange={function onChange}
                                        onBlur={function onChange}
-                                       fdprocessedid="zpcaze"
                                      >
                                <Field label="Số điện thoại" error={undefined}>
                                  <div className="grid gap-2">
                                    <Label>
                                    <_c placeholder="0912345678" name="phone" onChange={function onChange} ...>
                                      <input
                                        ref={function ref}
                                        className="h-11 w-full rounded-md border border-neutral-300 bg-white px-3 text..."
                                        placeholder="0912345678"
                                        name="phone"
                                        onChange={function onChange}
                                        onBlur={function onChange}
-                                       fdprocessedid="jpvg5e"
                                      >
                              <div className="grid gap-4...">
                                <Field label="Email" error={undefined}>
                                  <div className="grid gap-2">
                                    <Label>
                                    <_c placeholder="email@exam..." name="email" onChange={function onChange} ...>
                                      <input
                                        ref={function ref}
                                        className="h-11 w-full rounded-md border border-neutral-300 bg-white px-3 text..."
                                        placeholder="email@example.com"
                                        name="email"
                                        onChange={function onChange}
                                        onBlur={function onChange}
-                                       fdprocessedid="k4bkc8"
                                      >
                                <Field label="Độ tuổi" error={undefined}>
                                  <div className="grid gap-2">
                                    <Label>
                                    <_c placeholder="22" name="age" onChange={function onChange} ...>
                                      <input
                                        ref={function ref}
                                        className="h-11 w-full rounded-md border border-neutral-300 bg-white px-3 text..."
                                        placeholder="22"
                                        name="age"
                                        onChange={function onChange}
                                        onBlur={function onChange}
-                                       fdprocessedid="tr1x7"
                                      >
                                <Field label="Tỉnh/thành..." error={undefined}>
                                  <div className="grid gap-2">
                                    <Label>
                                    <_c placeholder="Hà Nội" name="city" onChange={function onChange} ...>
                                      <input
                                        ref={function ref}
                                        className="h-11 w-full rounded-md border border-neutral-300 bg-white px-3 text..."
                                        placeholder="Hà Nội"
                                        name="city"
                                        onChange={function onChange}
                                        onBlur={function onChange}
-                                       fdprocessedid="bscdj5"
                                      >
                              <div className="grid gap-4...">
                                <Field label="Dịch vụ qu..." error={undefined}>
                                  <div className="grid gap-2">
                                    <Label>
                                    <_c name="interested..." onChange={function onChange} onBlur={function onChange} ...>
                                      <select
                                        ref={function ref}
                                        className="h-11 w-full rounded-md border border-neutral-300 bg-white px-3 text..."
                                        name="interestedService"
                                        onChange={function onChange}
                                        onBlur={function onChange}
-                                       fdprocessedid="h97dmw"
                                      >
                                <Field label="Trình độ t..." error={undefined}>
                                  <div className="grid gap-2">
                                    <Label>
                                    <_c name="germanLevel" onChange={function onChange} onBlur={function onChange} ...>
                                      <select
                                        ref={function ref}
                                        className="h-11 w-full rounded-md border border-neutral-300 bg-white px-3 text..."
                                        name="germanLevel"
                                        onChange={function onChange}
                                        onBlur={function onChange}
-                                       fdprocessedid="fd1s0l"
                                      >
                              <Field>
                              <label>
                              <_c type="submit" size="lg" disabled={false} className="w-full">
                                <button
                                  className="inline-flex items-center justify-center gap-2 rounded-md font-semibold tr..."
                                  ref={null}
                                  type="submit"
                                  disabled={false}
-                                 fdprocessedid="9iygl"
                                >
        ...
    ...
 
    at <unknown> (file://D:/Wordpress for CVBEDU/.next/dev/static/chunks/node_modules_next_dist_compiled_react-dom_096_9a-._.js:3439:25)
    at runWithFiberInDEV (file://D:/Wordpress for CVBEDU/.next/dev/static/chunks/node_modules_next_dist_compiled_react-dom_096_9a-._.js:965:74)
    at emitPendingHydrationWarnings (file://D:/Wordpress for CVBEDU/.next/dev/static/chunks/node_modules_next_dist_compiled_react-dom_096_9a-._.js:3438:13)
    at completeWork (file://D:/Wordpress for CVBEDU/.next/dev/static/chunks/node_modules_next_dist_compiled_react-dom_096_9a-._.js:6885:102)
    at runWithFiberInDEV (file://D:/Wordpress for CVBEDU/.next/dev/static/chunks/node_modules_next_dist_compiled_react-dom_096_9a-._.js:965:131)
    at completeUnitOfWork (file://D:/Wordpress for CVBEDU/.next/dev/static/chunks/node_modules_next_dist_compiled_react-dom_096_9a-._.js:9622:23)
    at performUnitOfWork (file://D:/Wordpress for CVBEDU/.next/dev/static/chunks/node_modules_next_dist_compiled_react-dom_096_9a-._.js:9557:28)
    at workLoopConcurrentByScheduler (file://D:/Wordpress for CVBEDU/.next/dev/static/chunks/node_modules_next_dist_compiled_react-dom_096_9a-._.js:9551:58)
    at renderRootConcurrent (file://D:/Wordpress for CVBEDU/.next/dev/static/chunks/node_modules_next_dist_compiled_react-dom_096_9a-._.js:9534:71)
    at performWorkOnRoot (file://D:/Wordpress for CVBEDU/.next/dev/static/chunks/node_modules_next_dist_compiled_react-dom_096_9a-._.js:9061:150)
    at performWorkOnRootViaSchedulerTask (file://D:/Wordpress for CVBEDU/.next/dev/static/chunks/node_modules_next_dist_compiled_react-dom_096_9a-._.js:10255:9)
    at MessagePort.performWorkUntilDeadline (file://D:/Wordpress for CVBEDU/.next/dev/static/chunks/node_modules_next_dist_compiled_1amofcm._.js:2647:64) (file://D:/Wordpress for CVBEDU/.next/dev/static/chunks/node_modules_next_dist_compiled_react-dom_096_9a-._.js:3439:25)
[browser] Image with src "/zalo-qr.jpg" has either width or height modified, but not the other. If you use CSS to change the size of your image, also include the styles 'width: "auto"' or 'height: "auto"' to maintain the aspect ratio. (file://D:/Wordpress for CVBEDU/.next/dev/static/chunks/node_modules_next_dist_1ybzpk2._.js:2477:13)
